// Jest Snapshot v1, https://goo.gl/fbAQLP

exports[`Layout Should  render correctly 1`] = `
<DocumentFragment>
  <div
    class="MuiBox-root css-0"
  >
    <div
      class="MuiContainer-root MuiContainer-maxWidthLg css-1g3nlq1-MuiContainer-root"
    >
       
      <div>
        test
      </div>
    </div>
  </div>
</DocumentFragment>
`;
